
Collecting usage statistics. To deactivate, set browser.gatherUsageStats to false.


  You can now view your Streamlit app in your browser.

  Local URL: http://localhost:8765
  Network URL: http://192.168.29.129:8765
  External URL: http://49.37.181.71:8765


Collecting usage statistics. To deactivate, set browser.gatherUsageStats to false.


  You can now view your Streamlit app in your browser.

  Local URL: http://localhost:8765
  Network URL: http://192.168.29.129:8765
  External URL: http://49.37.181.71:8765

[iris-web] env=C:\Users\Kushals.DESKTOP-D51MT8S\Desktop\Github\IRIS\deploy\no_docker\.env.local db=C:\Users\Kushals.DESKTOP-D51MT8S\Desktop\Github\IRIS\data\store_registry.db data=C:\Users\Kushals.DESKTOP-D51MT8S\Desktop\Github\IRIS\data port=8765

Collecting usage statistics. To deactivate, set browser.gatherUsageStats to false.


  You can now view your Streamlit app in your browser.

  Local URL: http://localhost:8765
  Network URL: http://192.168.29.129:8765
  External URL: http://49.37.181.71:8765


Collecting usage statistics. To deactivate, set browser.gatherUsageStats to false.


  You can now view your Streamlit app in your browser.

  Local URL: http://localhost:8765
  Network URL: http://192.168.29.129:8765
  External URL: http://49.37.181.71:8765


Collecting usage statistics. To deactivate, set browser.gatherUsageStats to false.


  You can now view your Streamlit app in your browser.

  Local URL: http://localhost:8765
  Network URL: http://192.168.29.129:8765
  External URL: http://49.37.181.71:8765


Collecting usage statistics. To deactivate, set browser.gatherUsageStats to false.


  You can now view your Streamlit app in your browser.

  Local URL: http://localhost:8765
  Network URL: http://192.168.29.129:8765
  External URL: http://49.37.181.71:8765


Collecting usage statistics. To deactivate, set browser.gatherUsageStats to false.


  You can now view your Streamlit app in your browser.

  Local URL: http://localhost:8765
  Network URL: http://192.168.29.129:8765
  External URL: http://49.37.181.71:8765

[iris-web] env=C:\Users\Kushals.DESKTOP-D51MT8S\Desktop\Github\IRIS\deploy\no_docker\.env.local db=C:\Users\Kushals.DESKTOP-D51MT8S\Desktop\Github\IRIS\data\store_registry.db data=C:\Users\Kushals.DESKTOP-D51MT8S\Desktop\Github\IRIS\data port=8765
